ESP-ROM:esp32s3-20210327
Build:Mar 27 2021
rst:0x15 (USB_UART_CHIP_RESET),boot:0x2a (SPI_FAST_FLASH_BOOT)
Saved PC:0x40380926
SPIWP:0xee
mode:DIO, clock div:1
load:0x3fce2820,len:0x170c
load:0x403c8700,len:0x4
load:0x403c8704,len:0xe24
load:0x403cb700,len:0x317c
entry 0x403c893c
[0;32mI (19) boot: ESP-IDF v5.4-398-g473771bc14 2nd stage bootloader[0m
[0;32mI (19) boot: compile time Dec 31 2025 17:27:28[0m
[0;32mI (19) boot: Multicore bootloader[0m
[0;32mI (19) boot: chip revision: v0.2[0m
[0;32mI (19) boot: efuse block revision: v1.3[0m
[0;32mI (20) qio_mode: Enabling QIO for flash chip GD[0m
[0;32mI (20) boot.esp32s3: Boot SPI Speed : 80MHz[0m
[0;32mI (20) boot.esp32s3: SPI Mode       : QIO[0m
[0;32mI (20) boot.esp32s3: SPI Flash Size : 16MB[0m
[0;32mI (20) boot: Enabling RNG early entropy source...[0m
[0;32mI (21) boot: Partition Table:[0m
[0;32mI (21) boot: ## Label            Usage          Type ST Offset   Length[0m
[0;32mI (21) boot:  0 nvs              WiFi data        01 02 00009000 00006000[0m
[0;32mI (21) boot:  1 phy_init         RF data          01 01 0000f000 00001000[0m
[0;32mI (22) boot:  2 factory          factory app      00 00 00010000 00200000[0m
[0;32mI (22) boot:  3 spiffs           Unknown data     01 82 00210000 00100000[0m
[0;32mI (23) boot: End of partition table[0m
[0;32mI (23) esp_image: segment 0: paddr=00010020 vaddr=3c0f0020 size=3e650h (255568) map[0m
[0;32mI (61) esp_image: segment 1: paddr=0004e678 vaddr=3fca2700 size=019a0h (  6560) load[0m
[0;32mI (63) esp_image: segment 2: paddr=00050020 vaddr=42000020 size=ece80h (970368) map[0m
[0;32mI (207) esp_image: segment 3: paddr=0013cea8 vaddr=3fca40a0 size=039b4h ( 14772) load[0m
[0;32mI (210) esp_image: segment 4: paddr=00140864 vaddr=40378000 size=1a638h (108088) load[0m
[0;32mI (231) esp_image: segment 5: paddr=0015aea4 vaddr=600fe100 size=0001ch (    28) load[0m
[0;32mI (241) boot: Loaded app from partition at offset 0x10000[0m
[0;32mI (241) boot: Disabling RNG early entropy source...[0m
[0;32mI (242) octal_psram: vendor id    : 0x0d (AP)[0m
[0;32mI (242) octal_psram: dev id       : 0x03 (generation 4)[0m
[0;32mI (243) octal_psram: density      : 0x05 (128 Mbit)[0m
[0;32mI (243) octal_psram: good-die     : 0x01 (Pass)[0m
[0;32mI (243) octal_psram: Latency      : 0x01 (Fixed)[0m
[0;32mI (243) octal_psram: VCC          : 0x00 (1.8V)[0m
[0;32mI (243) octal_psram: SRF          : 0x01 (Fast Refresh)[0m
[0;32mI (244) octal_psram: BurstType    : 0x01 (Hybrid Wrap)[0m
[0;32mI (244) octal_psram: BurstLen     : 0x01 (32 Byte)[0m
[0;32mI (244) octal_psram: Readlatency  : 0x02 (10 cycles@Fixed)[0m
[0;32mI (244) octal_psram: DriveStrength: 0x00 (1/1)[0m
[0;32mI (245) MSPI Timing: PSRAM timing tuning index: 6[0m
[0;32mI (245) esp_psram: Found 16MB PSRAM device[0m
[0;32mI (246) esp_psram: Speed: 80MHz[0m
[0;32mI (246) cpu_start: Multicore app[0m
[0;32mI (842) esp_psram: SPI SRAM memory test OK[0m
[0;32mI (851) cpu_start: Pro cpu start user code[0m
[0;32mI (851) cpu_start: cpu freq: 160000000 Hz[0m
[0;32mI (851) app_init: Application information:[0m
[0;32mI (851) app_init: Project name:     displayPic[0m
[0;32mI (852) app_init: App version:      f059e0e-dirty[0m
[0;32mI (852) app_init: Compile time:     Dec 31 2025 17:34:32[0m
[0;32mI (852) app_init: ELF file SHA256:  7267a2e95...[0m
[0;32mI (852) app_init: ESP-IDF:          v5.4-398-g473771bc14[0m
[0;32mI (852) efuse_init: Min chip rev:     v0.0[0m
[0;32mI (852) efuse_init: Max chip rev:     v0.99 [0m
[0;32mI (853) efuse_init: Chip rev:         v0.2[0m
[0;32mI (853) heap_init: Initializing. RAM available for dynamic allocation:[0m
[0;32mI (853) heap_init: At 3FCAC318 len 0003D3F8 (244 KiB): RAM[0m
[0;32mI (853) heap_init: At 3FCE9710 len 00005724 (21 KiB): RAM[0m
[0;32mI (853) heap_init: At 600FE11C len 00001ECC (7 KiB): RTCRAM[0m
[0;32mI (854) esp_psram: Adding pool of 16384K of PSRAM memory to heap allocator[0m
[0;32mI (855) spi_flash: detected chip: gd[0m
[0;32mI (855) spi_flash: flash io: qio[0m
[0;33mW (855) i2c: This driver is an old driver, please migrate your application code to adapt `driver/i2c_master.h`[0m
[0;32mI (856) sleep_gpio: Configure to isolate all GPIO pins in sleep state[0m
[0;32mI (856) sleep_gpio: Enable automatic switching of GPIO sleep configuration[0m
[0;32mI (857) main_task: Started on CPU0[0m
[0;32mI (867) esp_psram: Reserving pool of 32K of internal memory for DMA/internal allocations[0m
[0;32mI (867) main_task: Calling app_main()[0m
[0;32mI (887) pp: pp rom version: e7ae62f[0m
[0;32mI (887) net80211: net80211 rom version: e7ae62f[0m
[0;32mI (897) wifi:wifi driver task: 3fcbe0b8, prio:23, stack:6656, core=0[0m
[0;32mI (907) wifi:wifi firmware version: 90929ad727[0m
[0;32mI (907) wifi:wifi certification version: v7.0[0m
[0;32mI (907) wifi:config NVS flash: enabled[0m
[0;32mI (907) wifi:config nano formatting: disabled[0m
[0;32mI (907) wifi:Init data frame dynamic rx buffer num: 32[0m
[0;32mI (907) wifi:Init static rx mgmt buffer num: 5[0m
[0;32mI (907) wifi:Init management short buffer num: 32[0m
[0;32mI (907) wifi:Init dynamic tx buffer num: 32[0m
[0;32mI (907) wifi:Init static tx FG buffer num: 2[0m
[0;32mI (907) wifi:Init static rx buffer size: 1600[0m
[0;32mI (907) wifi:Init static rx buffer num: 10[0m
[0;32mI (907) wifi:Init dynamic rx buffer num: 32[0m
[0;32mI (907) wifi_init: rx ba win: 6[0m
[0;32mI (907) wifi_init: accept mbox: 6[0m
[0;32mI (907) wifi_init: tcpip mbox: 32[0m
[0;32mI (907) wifi_init: udp mbox: 6[0m
[0;32mI (907) wifi_init: tcp mbox: 6[0m
[0;32mI (907) wifi_init: tcp tx win: 5760[0m
[0;32mI (907) wifi_init: tcp rx win: 5760[0m
[0;32mI (907) wifi_init: tcp mss: 1440[0m
[0;32mI (907) wifi_init: WiFi IRAM OP enabled[0m
[0;32mI (907) wifi_init: WiFi RX IRAM OP enabled[0m
[0;33mW (907) wifi:Password length matches WPA2 standards, authmode threshold changes from OPEN to WPA2[0m
[0;32mI (907) phy_init: phy_version 680,a6008b2,Jun  4 2024,16:41:10[0m
[0;32mI (947) wifi:mode : sta (74:4d:bd:2e:08:b8)[0m
[0;32mI (947) wifi:enable tsf[0m
[0;32mI (947) display_image: Initializing SPIFFS[0m
[0;32mI (947) wifi:new:<6,0>, old:<1,0>, ap:<255,255>, sta:<6,0>, prof:1, snd_ch_cfg:0x0[0m
[0;32mI (947) wifi:state: init -> auth (0xb0)[0m
[0;32mI (1007) LVGL: Starting LVGL task[0m
[0;33mW (1007) ledc: GPIO 47 is not usable, maybe conflict with others[0m
[0;32mI (1007) gpio: GPIO[4]| InputEn: 0| OutputEn: 1| OpenDrain: 0| Pullup: 0| Pulldown: 0| Intr:0 [0m
[0;32mI (1007) wifi:state: auth -> assoc (0x0)[0m
[0;32mI (1007) gpio: GPIO[48]| InputEn: 0| OutputEn: 1| OpenDrain: 0| Pullup: 0| Pulldown: 0| Intr:0 [0m
[0;32mI (1007) ili9341: LCD panel create success, version: 1.2.0[0m
[0;32mI (1017) wifi:state: assoc -> run (0x10)[0m
[0;32mI (1027) wifi:<ba-add>idx:0 (ifx:0, 10:47:e7:5a:a4:2f), tid:0, ssn:1, winSize:64[0m
[0;32mI (1037) wifi:connected with CU_thEy, aid = 4, channel 6, BW20, bssid = 10:47:e7:5a:a4:2f[0m
[0;32mI (1037) wifi:security: WPA2-PSK, phy: bgn, rssi: -46[0m
[0;32mI (1037) wifi:pm start, type: 1[0m

[0;32mI (1037) wifi:dp: 1, bi: 102400, li: 3, scale listen interval from 307200 us to 307200 us[0m
[0;32mI (1037) wifi:set rx beacon pti, rx_bcn_pti: 0, bcn_timeout: 25000, mt_pti: 0, mt_time: 10000[0m
[0;32mI (1117) wifi:AP's beacon interval = 102400 us, DTIM period = 1[0m
[0;33mW (1127) ili9341: The 36h command has been used and will be overwritten by external initialization sequence[0m
[0;33mW (1127) ili9341: The 3Ah command has been used and will be overwritten by external initialization sequence[0m
[0;32mI (1127) GT911: I2C address initialization procedure skipped - using default GT9xx setup[0m
[0;32mI (1127) gpio: GPIO[3]| InputEn: 1| OutputEn: 0| OpenDrain: 0| Pullup: 0| Pulldown: 0| Intr:2 [0m
[0;32mI (1127) GT911: TouchPad_ID:0x39,0x31,0x31[0m
[0;32mI (1127) GT911: TouchPad_Config_Version:65[0m
[0;32mI (1127) ESP-BOX-3: Setting LCD backlight: 100%[0m
[0;32mI (1137) windmill_control: Initializing windmill control...[0m
[0;32mI (1137) gpio: GPIO[21]| InputEn: 0| OutputEn: 1| OpenDrain: 0| Pullup: 0| Pulldown: 0| Intr:0 [0m
[0;32mI (1137) windmill_control: Windmill GPIO 21 initialized[0m
[0;32mI (1137) mcp_client: Initializing MCP client...[0m
[0;32mI (1137) mcp_client: Server: wss://api.xiaozhi.me/mcp/[0m
[0;32mI (1137) mcp_client: Tools: 1[0m
[0;32mI (1137) mcp_client: Attempting to connect to MCP server...[0m
[0;32mI (1137) mcp_client: Connecting to MCP server: wss://api.xiaozhi.me/mcp/[0m
[1;31mE (1137) esp-tls: couldn't get hostname for :api.xiaozhi.me: getaddrinfo() returns 202, addrinfo=0x0[0m
[1;31mE (1137) esp-tls: Failed to open new connection[0m
[1;31mE (1137) transport_base: Failed to open a new connection[0m
[1;31mE (1137) transport_ws: Error connecting to host api.xiaozhi.me:443[0m
[1;31mE (1137) mcp_client: Failed to connect to MCP server: -1[0m
[0;33mW (1137) mcp_client: Failed to connect, retrying in 10 seconds...[0m
[0;32mI (1137) mcp_client: MCP client initialized[0m
[0;32mI (1137) windmill_control: Windmill control initialized[0m
[0;32mI (1137) main_task: Returned from app_main()[0m
[0;32mI (3357) esp_netif_handlers: sta ip: 192.168.1.31, mask: 255.255.255.0, gw: 192.168.1.1[0m
[0;32mI (16137) mcp_client: Attempting to connect to MCP server...[0m
[0;32mI (16137) mcp_client: Connecting to MCP server: wss://api.xiaozhi.me/mcp/[0m
[0;32mI (16417) esp-x509-crt-bundle: Certificate validated[0m
[0;32mI (16877) mcp_client: Connected to MCP server[0m
[0;32mI (16877) mcp_client: Received: {"id":0,"jsonrpc":"2.0","method":"initialize","params":{"protocolVersion":"2024-11-05","capabilities":{"sampling":{},"roots":{"listChanged":false}},"clientInfo":{"name":"xz-mcp-broker","version":"0.0.[0m
[0;32mI (16877) mcp_client: Received initialize request, sending response[0m
[0;32mI (16887) mcp_client: Sent initialized notification[0m
[0;32mI (17037) mcp_client: Received: {"jsonrpc":"2.0","method":"notifications/initialized"}[0m
[0;32mI (17037) mcp_client: Received MCP method: notifications/initialized[0m
[0;33mW (17047) mcp_client: Unknown method: notifications/initialized[0m
[0;32mI (17047) mcp_client: Received: {"id":1,"jsonrpc":"2.0","method":"tools/list","params":{}}[0m
[0;32mI (17047) mcp_client: Received MCP method: tools/list[0m
[0;32mI (17047) mcp_client: Responding to tools/list with 1 tools[0m
[0;32mI (17377) mcp_client: MCP connection established[0m
